# serializer version: 1
# name: test_fresh_live_server_e2e[live_server_note_folder_list]
  dict({
    'entries': list([
      dict({
        'content_hash': 'e8cd957f19e69d961b461d2ca80fa3c5',
        'id': 'DYNAMIC_ID',
        'is_downloadable': True,
        'lastUpdateTime': 0,
        'name': '20251207_221454.note',
        'parent_path': 'Note',
        'path_display': 'Note/20251207_221454.note',
        'size': 8695,
        'tag': 'file',
      }),
    ]),
    'equipmentNo': 'WEB',
    'success': True,
  })
# ---
# name: test_migrated_live_server_e2e[migrated_live_server_root_folder_list]
  dict({
    'entries': list([
      dict({
        'content_hash': '',
        'id': 'DYNAMIC_ID',
        'is_downloadable': True,
        'lastUpdateTime': 0,
        'name': 'Export',
        'parent_path': '.',
        'path_display': 'Export',
        'size': 0,
        'tag': 'folder',
      }),
      dict({
        'content_hash': '',
        'id': 'DYNAMIC_ID',
        'is_downloadable': True,
        'lastUpdateTime': 0,
        'name': 'Inbox',
        'parent_path': '.',
        'path_display': 'Inbox',
        'size': 0,
        'tag': 'folder',
      }),
      dict({
        'content_hash': '',
        'id': 'DYNAMIC_ID',
        'is_downloadable': True,
        'lastUpdateTime': 0,
        'name': 'Screenshot',
        'parent_path': '.',
        'path_display': 'Screenshot',
        'size': 0,
        'tag': 'folder',
      }),
      dict({
        'content_hash': '',
        'id': 'DYNAMIC_ID',
        'is_downloadable': True,
        'lastUpdateTime': 0,
        'name': 'NOTE',
        'parent_path': '.',
        'path_display': 'NOTE',
        'size': 0,
        'tag': 'folder',
      }),
      dict({
        'content_hash': '',
        'id': 'DYNAMIC_ID',
        'is_downloadable': True,
        'lastUpdateTime': 0,
        'name': 'DOCUMENT',
        'parent_path': '.',
        'path_display': 'DOCUMENT',
        'size': 0,
        'tag': 'folder',
      }),
      dict({
        'content_hash': '',
        'id': 'DYNAMIC_ID',
        'is_downloadable': True,
        'lastUpdateTime': 0,
        'name': 'My Notes',
        'parent_path': '.',
        'path_display': 'My Notes',
        'size': 0,
        'tag': 'folder',
      }),
    ]),
    'equipmentNo': 'WEB',
    'success': True,
  })
# ---
